// Jest Snapshot v1, https://goo.gl/fbAQLP

exports[`The children field component should render a wrapper 1`] = `
<InputFieldWrapper
  id="testInputField"
  labelLayoutWidth="1/1"
  labelWidthBreakpoint="sm"
  staticField={false}
>
  <div>
    Children
  </div>
</InputFieldWrapper>
`;
