// Jest Snapshot v1, https://goo.gl/fbAQLP

exports[`The BoxPlaceholder component should render 1`] = `
<div
  className="box-placeholder"
  style={
    Object {
      "height": "10rem",
      "width": "10rem",
    }
  }
>
  <Icon(BoxIcon) />
</div>
`;
