// Jest Snapshot v1, https://goo.gl/fbAQLP

exports[`The ContextMenuItem component should render 1`] = `
<DropDownMenuItem
  active={false}
  onClickHandler={[MockFunction]}
  onCloseMenuHandler={[MockFunction]}
/>
`;
