// Jest Snapshot v1, https://goo.gl/fbAQLP

exports[`The InputField component should render 1`] = `
<TextField
  id="testInputField"
  labelLayoutWidth="1/1"
  labelWidthBreakpoint="sm"
  onChangeHandler={[MockFunction]}
  staticField={false}
  type="text"
  value="Test input"
/>
`;
