// Jest Snapshot v1, https://goo.gl/fbAQLP

exports[`The Page component should render 1`] = `
<div
  className="page"
>
  <div
    className="page__content"
    style={
      Object {
        "maxWidth": undefined,
      }
    }
  />
</div>
`;
