// Jest Snapshot v1, https://goo.gl/fbAQLP

exports[`The Tile component should render 1`] = `
<div
  className="tile padding-md"
  style={
    Object {
      "textAlign": "left",
    }
  }
>
  <div
    className="cover"
  />
</div>
`;
